// Vitest Snapshot v1

exports[`Pruebas en <CounterApp/> > Debe mostrar el componente correctamente 1`] = `
<Fragment>
  <h1>
    CounterApp
  </h1>
  <h2>
    100
  </h2>
  <button
    onClick={[Function]}
  >
    +1
  </button>
  <button
    onClick={[Function]}
  >
    Reset
  </button>
  <button
    onClick={[Function]}
  >
    -1
  </button>
</Fragment>
`;
